version: '3'
services:
  front-end:
    image: weaveworksdemos/front-end:0.3.12
    hostname: front-end
    restart: always
    cap_drop:
    - all
    read_only: true
  catalogue:
    hostname: catalogue
    command: /config/mockintosh.yml
    image: up9inc/mockintosh:latest
    cap_add:
    - NET_BIND_SERVICE
    cap_drop:
    - all
    read_only: true
    volumes:
    - .:/config
